// Jest Snapshot v1, https://goo.gl/fbAQLP

exports[`should render AccountsList correctly 1`] = `
<div>
  <AccountCard
    amount={1000}
    currency="euro"
    id="1"
    key="1"
    name="Revolut"
    type="bank"
  />
  <AccountCard
    amount={1500}
    currency="euro"
    id="2"
    key="2"
    name="Societe Generale"
    type="bank"
  />
  <AccountCard
    amount={5400}
    currency="euro"
    id="3"
    key="3"
    name="Cash"
    type="cash"
  />
  <[object Object]
    to="account/create"
  >
    Add Account
  </[object Object]>
</div>
`;
