// Jest Snapshot v1, https://goo.gl/fbAQLP

exports[`should render ReadAccountPage correctly 1`] = `
<div>
  <div
    className="page-header"
  >
    <div
      className="content-container"
    >
      <h1>
        Revolut
      </h1>
    </div>
  </div>
  <div
    className="content-container"
  >
    <p>
      Remaining Amount: 
      10
    </p>
    <[object Object]
      to="/transaction/create"
    >
      Add a Transaction
    </[object Object]>
  </div>
</div>
`;
