// Jest Snapshot v1, https://goo.gl/fbAQLP

exports[`should render TransactionsTable correctly 1`] = `
<div>
  <div
    className="content-container"
  >
    <div
      key="1"
    >
      <h3>
        bread
      </h3>
      <p>
        Amount: 
        12.00
      </p>
    </div>
    <div
      key="2"
    >
      <h3>
        to revolut
      </h3>
      <p>
        Amount: 
        12.00
      </p>
    </div>
  </div>
</div>
`;
