// Jest Snapshot v1, https://goo.gl/fbAQLP

exports[`should BudgetAccountSection component render correcctly 1`] = `
<div
  className="content-container"
>
  <div>
    <h1>
      Accounts
    </h1>
    <AccountsList
      accounts={
        Array [
          Object {
            "amount": 1000,
            "currency": "euro",
            "id": "1",
            "name": "Revolut",
            "type": "bank",
          },
          Object {
            "amount": 1500,
            "currency": "euro",
            "id": "2",
            "name": "Societe Generale",
            "type": "bank",
          },
          Object {
            "amount": 5400,
            "currency": "euro",
            "id": "3",
            "name": "Cash",
            "type": "cash",
          },
        ]
      }
    />
  </div>
</div>
`;
